Archive member included to satisfy reference by file (symbol)

/opt/Atollic_TrueSTUDIO_for_STM32_x86_64_9.3.0/ARMTools/bin/../lib/gcc/arm-atollic-eabi/6.3.1/../../../../arm-atollic-eabi/lib/armv6-m/libc_nano.a(lib_a-errno.o)
                              Src/syscalls.o (__errno)
/opt/Atollic_TrueSTUDIO_for_STM32_x86_64_9.3.0/ARMTools/bin/../lib/gcc/arm-atollic-eabi/6.3.1/../../../../arm-atollic-eabi/lib/armv6-m/libc_nano.a(lib_a-impure.o)
                              /opt/Atollic_TrueSTUDIO_for_STM32_x86_64_9.3.0/ARMTools/bin/../lib/gcc/arm-atollic-eabi/6.3.1/../../../../arm-atollic-eabi/lib/armv6-m/libc_nano.a(lib_a-errno.o) (_impure_ptr)
/opt/Atollic_TrueSTUDIO_for_STM32_x86_64_9.3.0/ARMTools/bin/../lib/gcc/arm-atollic-eabi/6.3.1/../../../../arm-atollic-eabi/lib/armv6-m/libc_nano.a(lib_a-init.o)
                              startup/startup_stm32f030x8.o (__libc_init_array)
/opt/Atollic_TrueSTUDIO_for_STM32_x86_64_9.3.0/ARMTools/bin/../lib/gcc/arm-atollic-eabi/6.3.1/../../../../arm-atollic-eabi/lib/armv6-m/libc_nano.a(lib_a-memcpy-stub.o)
                              Drivers/STM32F0xx_HAL_Driver/Src/stm32f0xx_hal_rcc.o (memcpy)
/opt/Atollic_TrueSTUDIO_for_STM32_x86_64_9.3.0/ARMTools/bin/../lib/gcc/arm-atollic-eabi/6.3.1/../../../../arm-atollic-eabi/lib/armv6-m/libc_nano.a(lib_a-memset.o)
                              Src/adc.o (memset)
/opt/Atollic_TrueSTUDIO_for_STM32_x86_64_9.3.0/ARMTools/bin/../lib/gcc/arm-atollic-eabi/6.3.1/armv6-m/libgcc.a(_thumb1_case_sqi.o)
                              Drivers/STM32F0xx_HAL_Driver/Src/stm32f0xx_hal_uart.o (__gnu_thumb1_case_sqi)
/opt/Atollic_TrueSTUDIO_for_STM32_x86_64_9.3.0/ARMTools/bin/../lib/gcc/arm-atollic-eabi/6.3.1/armv6-m/libgcc.a(_thumb1_case_uqi.o)
                              Drivers/STM32F0xx_HAL_Driver/Src/stm32f0xx_hal_dma.o (__gnu_thumb1_case_uqi)
/opt/Atollic_TrueSTUDIO_for_STM32_x86_64_9.3.0/ARMTools/bin/../lib/gcc/arm-atollic-eabi/6.3.1/armv6-m/libgcc.a(_udivsi3.o)
                              Drivers/STM32F0xx_HAL_Driver/Src/stm32f0xx_hal.o (__aeabi_uidiv)
/opt/Atollic_TrueSTUDIO_for_STM32_x86_64_9.3.0/ARMTools/bin/../lib/gcc/arm-atollic-eabi/6.3.1/armv6-m/libgcc.a(_dvmd_tls.o)
                              /opt/Atollic_TrueSTUDIO_for_STM32_x86_64_9.3.0/ARMTools/bin/../lib/gcc/arm-atollic-eabi/6.3.1/armv6-m/libgcc.a(_udivsi3.o) (__aeabi_idiv0)
/opt/Atollic_TrueSTUDIO_for_STM32_x86_64_9.3.0/ARMTools/bin/../lib/gcc/arm-atollic-eabi/6.3.1/armv6-m/libgcc.a(_lshrdi3.o)
                              Drivers/STM32F0xx_HAL_Driver/Src/stm32f0xx_hal_flash.o (__aeabi_llsr)

Allocating common symbols
Common symbol       size              file

waveformAmplitude   0x4               Src/control.o
htim15              0x40              Src/adc.o
phaseV_State        0x1               Src/control.o
throttleValue       0x2               Src/control.o
uwTick              0x4               Drivers/STM32F0xx_HAL_Driver/Src/stm32f0xx_hal.o
pFlash              0x20              Drivers/STM32F0xx_HAL_Driver/Src/stm32f0xx_hal_flash.o
htim3               0x40              Src/adc.o
huart1              0x70              Src/usart.o
outputState         0x1               Src/control.o
htim1               0x40              Src/adc.o
phaseU_State        0x1               Src/control.o
phaseW_State        0x1               Src/control.o
hdma_adc            0x44              Src/adc.o
hadc                0x4c              Src/adc.o
waveformPhase       0x1               Src/control.o

Discarded input sections

 .text          0x0000000000000000        0x0 /opt/Atollic_TrueSTUDIO_for_STM32_x86_64_9.3.0/ARMTools/bin/../lib/gcc/arm-atollic-eabi/6.3.1/armv6-m/crti.o
 .data          0x0000000000000000        0x0 /opt/Atollic_TrueSTUDIO_for_STM32_x86_64_9.3.0/ARMTools/bin/../lib/gcc/arm-atollic-eabi/6.3.1/armv6-m/crti.o
 .bss           0x0000000000000000        0x0 /opt/Atollic_TrueSTUDIO_for_STM32_x86_64_9.3.0/ARMTools/bin/../lib/gcc/arm-atollic-eabi/6.3.1/armv6-m/crti.o
 .data          0x0000000000000000        0x4 /opt/Atollic_TrueSTUDIO_for_STM32_x86_64_9.3.0/ARMTools/bin/../lib/gcc/arm-atollic-eabi/6.3.1/armv6-m/crtbegin.o
 .text          0x0000000000000000        0x0 Drivers/STM32F0xx_HAL_Driver/Src/stm32f0xx_hal.o
 .data          0x0000000000000000        0x0 Drivers/STM32F0xx_HAL_Driver/Src/stm32f0xx_hal.o
 .bss           0x0000000000000000        0x0 Drivers/STM32F0xx_HAL_Driver/Src/stm32f0xx_hal.o
 .text.HAL_MspInit
                0x0000000000000000        0x2 Drivers/STM32F0xx_HAL_Driver/Src/stm32f0xx_hal.o
 .text.HAL_MspDeInit
                0x0000000000000000        0x2 Drivers/STM32F0xx_HAL_Driver/Src/stm32f0xx_hal.o
 .text.HAL_DeInit
                0x0000000000000000       0x24 Drivers/STM32F0xx_HAL_Driver/Src/stm32f0xx_hal.o
 .text.HAL_Delay
                0x0000000000000000       0x20 Drivers/STM32F0xx_HAL_Driver/Src/stm32f0xx_hal.o
 .text.HAL_SuspendTick
                0x0000000000000000       0x10 Drivers/STM32F0xx_HAL_Driver/Src/stm32f0xx_hal.o
[...]
Memory Configuration

Name             Origin             Length             Attributes
RAM              0x0000000020000000 0x0000000000002000 xrw
FLASH            0x0000000008000000 0x0000000000010000 xr
*default*        0x0000000000000000 0xffffffffffffffff

Linker script and memory map

LOAD /opt/Atollic_TrueSTUDIO_for_STM32_x86_64_9.3.0/ARMTools/bin/../lib/gcc/arm-atollic-eabi/6.3.1/armv6-m/crti.o
LOAD /opt/Atollic_TrueSTUDIO_for_STM32_x86_64_9.3.0/ARMTools/bin/../lib/gcc/arm-atollic-eabi/6.3.1/armv6-m/crtbegin.o
LOAD Drivers/STM32F0xx_HAL_Driver/Src/stm32f0xx_hal.o
LOAD Drivers/STM32F0xx_HAL_Driver/Src/stm32f0xx_hal_adc.o
LOAD Drivers/STM32F0xx_HAL_Driver/Src/stm32f0xx_hal_adc_ex.o
LOAD Drivers/STM32F0xx_HAL_Driver/Src/stm32f0xx_hal_cortex.o
LOAD Drivers/STM32F0xx_HAL_Driver/Src/stm32f0xx_hal_dma.o
LOAD Drivers/STM32F0xx_HAL_Driver/Src/stm32f0xx_hal_flash.o
LOAD Drivers/STM32F0xx_HAL_Driver/Src/stm32f0xx_hal_flash_ex.o
LOAD Drivers/STM32F0xx_HAL_Driver/Src/stm32f0xx_hal_gpio.o
LOAD Drivers/STM32F0xx_HAL_Driver/Src/stm32f0xx_hal_i2c.o
LOAD Drivers/STM32F0xx_HAL_Driver/Src/stm32f0xx_hal_i2c_ex.o
LOAD Drivers/STM32F0xx_HAL_Driver/Src/stm32f0xx_hal_pwr.o
LOAD Drivers/STM32F0xx_HAL_Driver/Src/stm32f0xx_hal_pwr_ex.o
LOAD Drivers/STM32F0xx_HAL_Driver/Src/stm32f0xx_hal_rcc.o
LOAD Drivers/STM32F0xx_HAL_Driver/Src/stm32f0xx_hal_rcc_ex.o
LOAD Drivers/STM32F0xx_HAL_Driver/Src/stm32f0xx_hal_tim.o
LOAD Drivers/STM32F0xx_HAL_Driver/Src/stm32f0xx_hal_tim_ex.o
LOAD Drivers/STM32F0xx_HAL_Driver/Src/stm32f0xx_hal_uart.o
LOAD Drivers/STM32F0xx_HAL_Driver/Src/stm32f0xx_hal_uart_ex.o
LOAD Src/adc.o
LOAD Src/control.o
LOAD Src/dma.o
LOAD Src/gpio.o
LOAD Src/main.o
LOAD Src/stm32f0xx_hal_msp.o
LOAD Src/stm32f0xx_it.o
LOAD Src/syscalls.o
LOAD Src/system_stm32f0xx.o
LOAD Src/tim.o
LOAD Src/usart.o
LOAD startup/startup_stm32f030x8.o
                0x0000000000000080                malloc_getpagesize_P = 0x80
START GROUP
LOAD /opt/Atollic_TrueSTUDIO_for_STM32_x86_64_9.3.0/ARMTools/bin/../lib/gcc/arm-atollic-eabi/6.3.1/../../../../arm-atollic-eabi/lib/armv6-m/libc_nano.a
LOAD /opt/Atollic_TrueSTUDIO_for_STM32_x86_64_9.3.0/ARMTools/bin/../lib/gcc/arm-atollic-eabi/6.3.1/../../../../arm-atollic-eabi/lib/armv6-m/libm.a
END GROUP
START GROUP
LOAD /opt/Atollic_TrueSTUDIO_for_STM32_x86_64_9.3.0/ARMTools/bin/../lib/gcc/arm-atollic-eabi/6.3.1/armv6-m/libgcc.a
LOAD /opt/Atollic_TrueSTUDIO_for_STM32_x86_64_9.3.0/ARMTools/bin/../lib/gcc/arm-atollic-eabi/6.3.1/../../../../arm-atollic-eabi/lib/armv6-m/libc_nano.a
END GROUP
START GROUP
LOAD /opt/Atollic_TrueSTUDIO_for_STM32_x86_64_9.3.0/ARMTools/bin/../lib/gcc/arm-atollic-eabi/6.3.1/armv6-m/libgcc.a
LOAD /opt/Atollic_TrueSTUDIO_for_STM32_x86_64_9.3.0/ARMTools/bin/../lib/gcc/arm-atollic-eabi/6.3.1/../../../../arm-atollic-eabi/lib/armv6-m/libc_nano.a
LOAD /opt/Atollic_TrueSTUDIO_for_STM32_x86_64_9.3.0/ARMTools/bin/../lib/gcc/arm-atollic-eabi/6.3.1/../../../../arm-atollic-eabi/lib/armv6-m/libnosys.a
END GROUP
START GROUP
LOAD /opt/Atollic_TrueSTUDIO_for_STM32_x86_64_9.3.0/ARMTools/bin/../lib/gcc/arm-atollic-eabi/6.3.1/armv6-m/libgcc.a
LOAD /opt/Atollic_TrueSTUDIO_for_STM32_x86_64_9.3.0/ARMTools/bin/../lib/gcc/arm-atollic-eabi/6.3.1/../../../../arm-atollic-eabi/lib/armv6-m/libc_nano.a
LOAD /opt/Atollic_TrueSTUDIO_for_STM32_x86_64_9.3.0/ARMTools/bin/../lib/gcc/arm-atollic-eabi/6.3.1/../../../../arm-atollic-eabi/lib/armv6-m/libnosys.a
END GROUP
LOAD /opt/Atollic_TrueSTUDIO_for_STM32_x86_64_9.3.0/ARMTools/bin/../lib/gcc/arm-atollic-eabi/6.3.1/armv6-m/crtend.o
LOAD /opt/Atollic_TrueSTUDIO_for_STM32_x86_64_9.3.0/ARMTools/bin/../lib/gcc/arm-atollic-eabi/6.3.1/armv6-m/crtn.o
                0x0000000020002000                _estack = 0x20002000
                0x0000000000000200                _Min_Heap_Size = 0x200
                0x0000000000000400                _Min_Stack_Size = 0x400

.isr_vector     0x0000000008000000       0xc0
                0x0000000008000000                . = ALIGN (0x4)
 *(.isr_vector)
 .isr_vector    0x0000000008000000       0xc0 startup/startup_stm32f030x8.o
                0x0000000008000000                g_pfnVectors
                0x00000000080000c0                . = ALIGN (0x4)

.text           0x00000000080000c0     0x1dfc
                0x00000000080000c0                . = ALIGN (0x4)
 *(.text)
 .text          0x00000000080000c0       0x48 /opt/Atollic_TrueSTUDIO_for_STM32_x86_64_9.3.0/ARMTools/bin/../lib/gcc/arm-atollic-eabi/6.3.1/armv6-m/crtbegin.o
 .text          0x0000000008000108       0x14 /opt/Atollic_TrueSTUDIO_for_STM32_x86_64_9.3.0/ARMTools/bin/../lib/gcc/arm-atollic-eabi/6.3.1/armv6-m/libgcc.a(_thumb1_case_sqi.o)
                0x0000000008000108                __gnu_thumb1_case_sqi
 .text          0x000000000800011c       0x14 /opt/Atollic_TrueSTUDIO_for_STM32_x86_64_9.3.0/ARMTools/bin/../lib/gcc/arm-atollic-eabi/6.3.1/armv6-m/libgcc.a(_thumb1_case_uqi.o)
                0x000000000800011c                __gnu_thumb1_case_uqi
 .text          0x0000000008000130      0x114 /opt/Atollic_TrueSTUDIO_for_STM32_x86_64_9.3.0/ARMTools/bin/../lib/gcc/arm-atollic-eabi/6.3.1/armv6-m/libgcc.a(_udivsi3.o)
                0x0000000008000130                __udivsi3
                0x0000000008000130                __aeabi_uidiv
                0x000000000800023c                __aeabi_uidivmod
 .text          0x0000000008000244        0x4 /opt/Atollic_TrueSTUDIO_for_STM32_x86_64_9.3.0/ARMTools/bin/../lib/gcc/arm-atollic-eabi/6.3.1/armv6-m/libgcc.a(_dvmd_tls.o)
                0x0000000008000244                __aeabi_ldiv0
                0x0000000008000244                __aeabi_idiv0
 *(.text*)
 .text.HAL_InitTick
                0x0000000008000248       0x24 Drivers/STM32F0xx_HAL_Driver/Src/stm32f0xx_hal.o
                0x0000000008000248                HAL_InitTick
 .text.HAL_Init
                0x000000000800026c       0x20 Drivers/STM32F0xx_HAL_Driver/Src/stm32f0xx_hal.o
                0x000000000800026c                HAL_Init
 .text.HAL_IncTick
                0x000000000800028c       0x10 Drivers/STM32F0xx_HAL_Driver/Src/stm32f0xx_hal.o
                0x000000000800028c                HAL_IncTick
 .text.HAL_GetTick
                0x000000000800029c        0xc Drivers/STM32F0xx_HAL_Driver/Src/stm32f0xx_hal.o
                0x000000000800029c                HAL_GetTick
 .text.HAL_ADC_Init
                0x00000000080002a8      0x14c Drivers/STM32F0xx_HAL_Driver/Src/stm32f0xx_hal_adc.o
                0x00000000080002a8                HAL_ADC_Init
 .text.HAL_ADC_ConfigChannel
                0x00000000080003f4       0xec Drivers/STM32F0xx_HAL_Driver/Src/stm32f0xx_hal_adc.o
                0x00000000080003f4                HAL_ADC_ConfigChannel
 .text.HAL_NVIC_SetPriority
                0x00000000080004e0       0x60 Drivers/STM32F0xx_HAL_Driver/Src/stm32f0xx_hal_cortex.o
                0x00000000080004e0                HAL_NVIC_SetPriority
 .text.HAL_NVIC_EnableIRQ
                0x0000000008000540       0x14 Drivers/STM32F0xx_HAL_Driver/Src/stm32f0xx_hal_cortex.o
                0x0000000008000540                HAL_NVIC_EnableIRQ
 .text.HAL_SYSTICK_Config
                0x0000000008000554       0x34 Drivers/STM32F0xx_HAL_Driver/Src/stm32f0xx_hal_cortex.o
                0x0000000008000554                HAL_SYSTICK_Config
 .text.HAL_DMA_Init
                0x0000000008000588       0x6c Drivers/STM32F0xx_HAL_Driver/Src/stm32f0xx_hal_dma.o
                0x0000000008000588                HAL_DMA_Init
 .text.HAL_DMA_IRQHandler
                0x00000000080005f4       0x92 Drivers/STM32F0xx_HAL_Driver/Src/stm32f0xx_hal_dma.o
                0x00000000080005f4                HAL_DMA_IRQHandler
 *fill*         0x0000000008000686        0x2 
 .text.HAL_GPIO_Init
                0x0000000008000688      0x160 Drivers/STM32F0xx_HAL_Driver/Src/stm32f0xx_hal_gpio.o
                0x0000000008000688                HAL_GPIO_Init
 .text.HAL_RCC_OscConfig
                0x00000000080007e8      0x3c4 Drivers/STM32F0xx_HAL_Driver/Src/stm32f0xx_hal_rcc.o
                0x00000000080007e8                HAL_RCC_OscConfig
 .text.HAL_RCC_GetSysClockFreq
                0x0000000008000bac       0x64 Drivers/STM32F0xx_HAL_Driver/Src/stm32f0xx_hal_rcc.o
                0x0000000008000bac                HAL_RCC_GetSysClockFreq
 .text.HAL_RCC_ClockConfig
                0x0000000008000c10      0x12c Drivers/STM32F0xx_HAL_Driver/Src/stm32f0xx_hal_rcc.o
                0x0000000008000c10                HAL_RCC_ClockConfig
 .text.HAL_RCC_GetHCLKFreq
                0x0000000008000d3c        0xc Drivers/STM32F0xx_HAL_Driver/Src/stm32f0xx_hal_rcc.o
                0x0000000008000d3c                HAL_RCC_GetHCLKFreq
 .text.HAL_RCC_GetPCLK1Freq
                0x0000000008000d48       0x20 Drivers/STM32F0xx_HAL_Driver/Src/stm32f0xx_hal_rcc.o
                0x0000000008000d48                HAL_RCC_GetPCLK1Freq
 .text.HAL_RCCEx_PeriphCLKConfig
                0x0000000008000d68      0x108 Drivers/STM32F0xx_HAL_Driver/Src/stm32f0xx_hal_rcc_ex.o
                0x0000000008000d68                HAL_RCCEx_PeriphCLKConfig
 .text.TIM_OC1_SetConfig
                0x0000000008000e70       0x88 Drivers/STM32F0xx_HAL_Driver/Src/stm32f0xx_hal_tim.o
 .text.TIM_OC3_SetConfig
                0x0000000008000ef8       0x88 Drivers/STM32F0xx_HAL_Driver/Src/stm32f0xx_hal_tim.o
 .text.TIM_OC4_SetConfig
                0x0000000008000f80       0x74 Drivers/STM32F0xx_HAL_Driver/Src/stm32f0xx_hal_tim.o
 .text.TIM_Base_SetConfig
                0x0000000008000ff4       0x90 Drivers/STM32F0xx_HAL_Driver/Src/stm32f0xx_hal_tim.o
                0x0000000008000ff4                TIM_Base_SetConfig
 .text.HAL_TIM_PWM_Init
                0x0000000008001084       0x36 Drivers/STM32F0xx_HAL_Driver/Src/stm32f0xx_hal_tim.o
                0x0000000008001084                HAL_TIM_PWM_Init
 *fill*         0x00000000080010ba        0x2 
 .text.TIM_OC2_SetConfig
                0x00000000080010bc       0x80 Drivers/STM32F0xx_HAL_Driver/Src/stm32f0xx_hal_tim.o
                0x00000000080010bc                TIM_OC2_SetConfig
 .text.HAL_TIM_PWM_ConfigChannel
                0x000000000800113c       0xd4 Drivers/STM32F0xx_HAL_Driver/Src/stm32f0xx_hal_tim.o
                0x000000000800113c                HAL_TIM_PWM_ConfigChannel
 .text.TIM_CCxChannelCmd
                0x0000000008001210       0x16 Drivers/STM32F0xx_HAL_Driver/Src/stm32f0xx_hal_tim.o
                0x0000000008001210                TIM_CCxChannelCmd
 *fill*         0x0000000008001226        0x2 
 .text.HAL_TIM_PWM_Start_IT
                0x0000000008001228       0x88 Drivers/STM32F0xx_HAL_Driver/Src/stm32f0xx_hal_tim.o
                0x0000000008001228                HAL_TIM_PWM_Start_IT
 .text.HAL_TIMEx_MasterConfigSynchronization
                0x00000000080012b0       0x42 Drivers/STM32F0xx_HAL_Driver/Src/stm32f0xx_hal_tim_ex.o
                0x00000000080012b0                HAL_TIMEx_MasterConfigSynchronization
 *fill*         0x00000000080012f2        0x2 
 .text.HAL_TIMEx_ConfigBreakDeadTime
                0x00000000080012f4       0x78 Drivers/STM32F0xx_HAL_Driver/Src/stm32f0xx_hal_tim_ex.o
                0x00000000080012f4                HAL_TIMEx_ConfigBreakDeadTime
 .text.UART_SetConfig
                0x000000000800136c      0x134 Drivers/STM32F0xx_HAL_Driver/Src/stm32f0xx_hal_uart.o
                0x000000000800136c                UART_SetConfig
 .text.UART_AdvFeatureConfig
                0x00000000080014a0       0xd0 Drivers/STM32F0xx_HAL_Driver/Src/stm32f0xx_hal_uart.o
                0x00000000080014a0                UART_AdvFeatureConfig
 .text.HAL_UART_Init
                0x0000000008001570       0x78 Drivers/STM32F0xx_HAL_Driver/Src/stm32f0xx_hal_uart.o
                0x0000000008001570                HAL_UART_Init
 .text.MX_ADC_Init
                0x00000000080015e8       0xec Src/adc.o
                0x00000000080015e8                MX_ADC_Init
 .text.HAL_ADC_MspInit
                0x00000000080016d4       0x9c Src/adc.o
                0x00000000080016d4                HAL_ADC_MspInit
 .text.MX_DMA_Init
                0x0000000008001770       0x2c Src/dma.o
                0x0000000008001770                MX_DMA_Init
 .text.MX_GPIO_Init
                0x000000000800179c       0x80 Src/gpio.o
                0x000000000800179c                MX_GPIO_Init
 .text.SystemClock_Config
                0x000000000800181c       0x64 Src/main.o
                0x000000000800181c                SystemClock_Config
 .text.startup.main
                0x0000000008001880       0x28 Src/main.o
                0x0000000008001880                main
 .text.Error_Handler
                0x00000000080018a8        0x2 Src/main.o
                0x00000000080018a8                Error_Handler
 *fill*         0x00000000080018aa        0x2 
 .text.HAL_MspInit
                0x00000000080018ac       0x30 Src/stm32f0xx_hal_msp.o
                0x00000000080018ac                HAL_MspInit
 .text.NMI_Handler
                0x00000000080018dc        0x2 Src/stm32f0xx_it.o
                0x00000000080018dc                NMI_Handler
 .text.HardFault_Handler
                0x00000000080018de        0x2 Src/stm32f0xx_it.o
                0x00000000080018de                HardFault_Handler
 .text.SVC_Handler
                0x00000000080018e0        0x2 Src/stm32f0xx_it.o
                0x00000000080018e0                SVC_Handler
 .text.PendSV_Handler
                0x00000000080018e2        0x2 Src/stm32f0xx_it.o
                0x00000000080018e2                PendSV_Handler
 .text.SysTick_Handler
                0x00000000080018e4        0x8 Src/stm32f0xx_it.o
                0x00000000080018e4                SysTick_Handler
 .text.DMA1_Channel1_IRQHandler
                0x00000000080018ec       0x10 Src/stm32f0xx_it.o
                0x00000000080018ec                DMA1_Channel1_IRQHandler
 .text.SystemInit
                0x00000000080018fc       0x60 Src/system_stm32f0xx.o
                0x00000000080018fc                SystemInit
 .text.HAL_TIM_PWM_MspInit
                0x000000000800195c       0x68 Src/tim.o
                0x000000000800195c                HAL_TIM_PWM_MspInit
 .text.HAL_TIM_MspPostInit
                0x00000000080019c4       0xd0 Src/tim.o
                0x00000000080019c4                HAL_TIM_MspPostInit
 .text.MX_TIM1_Init
                0x0000000008001a94       0xe4 Src/tim.o
                0x0000000008001a94                MX_TIM1_Init
 .text.MX_TIM3_Init
                0x0000000008001b78       0xbc Src/tim.o
                0x0000000008001b78                MX_TIM3_Init
 .text.MX_TIM15_Init
                0x0000000008001c34       0xe4 Src/tim.o
                0x0000000008001c34                MX_TIM15_Init
 .text.MX_USART1_UART_Init
                0x0000000008001d18       0x38 Src/usart.o
                0x0000000008001d18                MX_USART1_UART_Init
 .text.HAL_UART_MspInit
                0x0000000008001d50       0x94 Src/usart.o
                0x0000000008001d50                HAL_UART_MspInit
 .text.Reset_Handler
                0x0000000008001de4       0x50 startup/startup_stm32f030x8.o
                0x0000000008001de4                Reset_Handler
 .text.Default_Handler
                0x0000000008001e34        0x2 startup/startup_stm32f030x8.o
                0x0000000008001e34                TIM1_CC_IRQHandler
                0x0000000008001e34                TIM6_IRQHandler
                0x0000000008001e34                I2C1_IRQHandler
                0x0000000008001e34                SPI1_IRQHandler
                0x0000000008001e34                EXTI2_3_IRQHandler
                0x0000000008001e34                ADC1_IRQHandler
                0x0000000008001e34                I2C2_IRQHandler
                0x0000000008001e34                TIM17_IRQHandler
                0x0000000008001e34                RTC_IRQHandler
                0x0000000008001e34                TIM16_IRQHandler
                0x0000000008001e34                TIM3_IRQHandler
                0x0000000008001e34                EXTI4_15_IRQHandler
                0x0000000008001e34                RCC_IRQHandler
                0x0000000008001e34                Default_Handler
                0x0000000008001e34                TIM14_IRQHandler
                0x0000000008001e34                DMA1_Channel4_5_IRQHandler
                0x0000000008001e34                TIM15_IRQHandler
                0x0000000008001e34                EXTI0_1_IRQHandler
                0x0000000008001e34                SPI2_IRQHandler
                0x0000000008001e34                WWDG_IRQHandler
                0x0000000008001e34                DMA1_Channel2_3_IRQHandler
                0x0000000008001e34                USART2_IRQHandler
                0x0000000008001e34                FLASH_IRQHandler
                0x0000000008001e34                USART1_IRQHandler
                0x0000000008001e34                TIM1_BRK_UP_TRG_COM_IRQHandler
 *fill*         0x0000000008001e36        0x2 
 .text.__libc_init_array
                0x0000000008001e38       0x48 /opt/Atollic_TrueSTUDIO_for_STM32_x86_64_9.3.0/ARMTools/bin/../lib/gcc/arm-atollic-eabi/6.3.1/../../../../arm-atollic-eabi/lib/armv6-m/libc_nano.a(lib_a-init.o)
                0x0000000008001e38                __libc_init_array
 .text.memcpy   0x0000000008001e80       0x12 /opt/Atollic_TrueSTUDIO_for_STM32_x86_64_9.3.0/ARMTools/bin/../lib/gcc/arm-atollic-eabi/6.3.1/../../../../arm-atollic-eabi/lib/armv6-m/libc_nano.a(lib_a-memcpy-stub.o)
                0x0000000008001e80                memcpy
 .text.memset   0x0000000008001e92       0x10 /opt/Atollic_TrueSTUDIO_for_STM32_x86_64_9.3.0/ARMTools/bin/../lib/gcc/arm-atollic-eabi/6.3.1/../../../../arm-atollic-eabi/lib/armv6-m/libc_nano.a(lib_a-memset.o)
                0x0000000008001e92                memset
 *(.glue_7)
 .glue_7        0x0000000008001ea2        0x0 linker stubs
 *(.glue_7t)
 .glue_7t       0x0000000008001ea2        0x0 linker stubs
 *(.eh_frame)
 *fill*         0x0000000008001ea2        0x2 
 .eh_frame      0x0000000008001ea4        0x0 /opt/Atollic_TrueSTUDIO_for_STM32_x86_64_9.3.0/ARMTools/bin/../lib/gcc/arm-atollic-eabi/6.3.1/armv6-m/crtbegin.o
 *(.init)
 .init          0x0000000008001ea4        0x4 /opt/Atollic_TrueSTUDIO_for_STM32_x86_64_9.3.0/ARMTools/bin/../lib/gcc/arm-atollic-eabi/6.3.1/armv6-m/crti.o
                0x0000000008001ea4                _init
 .init          0x0000000008001ea8        0x8 /opt/Atollic_TrueSTUDIO_for_STM32_x86_64_9.3.0/ARMTools/bin/../lib/gcc/arm-atollic-eabi/6.3.1/armv6-m/crtn.o
 *(.fini)
 .fini          0x0000000008001eb0        0x4 /opt/Atollic_TrueSTUDIO_for_STM32_x86_64_9.3.0/ARMTools/bin/../lib/gcc/arm-atollic-eabi/6.3.1/armv6-m/crti.o
                0x0000000008001eb0                _fini
 .fini          0x0000000008001eb4        0x8 /opt/Atollic_TrueSTUDIO_for_STM32_x86_64_9.3.0/ARMTools/bin/../lib/gcc/arm-atollic-eabi/6.3.1/armv6-m/crtn.o
                0x0000000008001ebc                . = ALIGN (0x4)
                0x0000000008001ebc                _etext = .

.vfp11_veneer   0x0000000008001ebc        0x0
 .vfp11_veneer  0x0000000008001ebc        0x0 linker stubs

.v4_bx          0x0000000008001ebc        0x0
 .v4_bx         0x0000000008001ebc        0x0 linker stubs

.iplt           0x0000000008001ebc        0x0
 .iplt          0x0000000008001ebc        0x0 /opt/Atollic_TrueSTUDIO_for_STM32_x86_64_9.3.0/ARMTools/bin/../lib/gcc/arm-atollic-eabi/6.3.1/armv6-m/crtbegin.o

.rodata         0x0000000008001ebc       0x3c
                0x0000000008001ebc                . = ALIGN (0x4)
 *(.rodata)
 .rodata        0x0000000008001ebc       0x20 Drivers/STM32F0xx_HAL_Driver/Src/stm32f0xx_hal_rcc.o
 *(.rodata*)
 .rodata.CSWTCH.50
                0x0000000008001edc        0x4 Drivers/STM32F0xx_HAL_Driver/Src/stm32f0xx_hal_uart.o
 .rodata.AHBPrescTable
                0x0000000008001ee0       0x10 Src/system_stm32f0xx.o
                0x0000000008001ee0                AHBPrescTable
 .rodata.APBPrescTable
                0x0000000008001ef0        0x8 Src/system_stm32f0xx.o
                0x0000000008001ef0                APBPrescTable
                0x0000000008001ef8                . = ALIGN (0x4)

.rel.dyn        0x0000000008001ef8        0x0
 .rel.iplt      0x0000000008001ef8        0x0 /opt/Atollic_TrueSTUDIO_for_STM32_x86_64_9.3.0/ARMTools/bin/../lib/gcc/arm-atollic-eabi/6.3.1/armv6-m/crtbegin.o

.ARM.extab
 *(.ARM.extab* .gnu.linkonce.armextab.*)

.ARM            0x0000000008001ef8        0x0
                0x0000000008001ef8                __exidx_start = .
 *(.ARM.exidx*)
                0x0000000008001ef8                __exidx_end = .

.preinit_array  0x0000000008001ef8        0x0
                0x0000000008001ef8                PROVIDE (__preinit_array_start, .)
 *(.preinit_array*)
                0x0000000008001ef8                PROVIDE (__preinit_array_end, .)

.init_array     0x0000000008001ef8        0x4
                0x0000000008001ef8                PROVIDE (__init_array_start, .)
 *(SORT(.init_array.*))
 *(.init_array*)
 .init_array    0x0000000008001ef8        0x4 /opt/Atollic_TrueSTUDIO_for_STM32_x86_64_9.3.0/ARMTools/bin/../lib/gcc/arm-atollic-eabi/6.3.1/armv6-m/crtbegin.o
                0x0000000008001efc                PROVIDE (__init_array_end, .)

.fini_array     0x0000000008001efc        0x4
                [!provide]                        PROVIDE (__fini_array_start, .)
 *(SORT(.fini_array.*))
 *(.fini_array*)
 .fini_array    0x0000000008001efc        0x4 /opt/Atollic_TrueSTUDIO_for_STM32_x86_64_9.3.0/ARMTools/bin/../lib/gcc/arm-atollic-eabi/6.3.1/armv6-m/crtbegin.o
                [!provide]                        PROVIDE (__fini_array_end, .)
                0x0000000008001f00                _sidata = LOADADDR (.data)

.data           0x0000000020000000        0x4 load address 0x0000000008001f00
                0x0000000020000000                . = ALIGN (0x4)
                0x0000000020000000                _sdata = .
 *(.data)
 *(.data*)
 .data.SystemCoreClock
                0x0000000020000000        0x4 Src/system_stm32f0xx.o
                0x0000000020000000                SystemCoreClock
                0x0000000020000004                . = ALIGN (0x4)
                0x0000000020000004                _edata = .

.igot.plt       0x0000000020000004        0x0 load address 0x0000000008001f04
 .igot.plt      0x0000000020000004        0x0 /opt/Atollic_TrueSTUDIO_for_STM32_x86_64_9.3.0/ARMTools/bin/../lib/gcc/arm-atollic-eabi/6.3.1/armv6-m/crtbegin.o
                0x0000000020000004                . = ALIGN (0x4)

.bss            0x0000000020000004      0x1e0 load address 0x0000000008001f04
                0x0000000020000004                _sbss = .
                0x0000000020000004                __bss_start__ = _sbss
 *(.bss)
 .bss           0x0000000020000004       0x1c /opt/Atollic_TrueSTUDIO_for_STM32_x86_64_9.3.0/ARMTools/bin/../lib/gcc/arm-atollic-eabi/6.3.1/armv6-m/crtbegin.o
 *(.bss*)
 *(COMMON)
 COMMON         0x0000000020000020        0x4 Drivers/STM32F0xx_HAL_Driver/Src/stm32f0xx_hal.o
                0x0000000020000020                uwTick
 COMMON         0x0000000020000024      0x150 Src/adc.o
                0x0000000020000024                htim15
                0x0000000020000064                htim3
                0x00000000200000a4                htim1
                0x00000000200000e4                hdma_adc
                0x0000000020000128                hadc
 COMMON         0x0000000020000174       0x70 Src/usart.o
                0x0000000020000174                huart1
                0x00000000200001e4                . = ALIGN (0x4)
                0x00000000200001e4                _ebss = .
                0x00000000200001e4                __bss_end__ = _ebss

._user_heap_stack
                0x00000000200001e4      0x600 load address 0x0000000008001f04
                0x00000000200001e4                . = ALIGN (0x4)
                0x00000000200001e4                PROVIDE (end, .)
                [!provide]                        PROVIDE (_end, .)
                0x00000000200003e4                . = (. + _Min_Heap_Size)
 *fill*         0x00000000200001e4      0x200 
                0x00000000200007e4                . = (. + _Min_Stack_Size)
 *fill*         0x00000000200003e4      0x400 
                0x00000000200007e4                . = ALIGN (0x4)

/DISCARD/
 libc.a(*)
 libm.a(*)
 libgcc.a(*)

.ARM.attributes
                0x0000000000000000       0x28
 *(.ARM.attributes)
 .ARM.attributes
                0x0000000000000000       0x1e /opt/Atollic_TrueSTUDIO_for_STM32_x86_64_9.3.0/ARMTools/bin/../lib/gcc/arm-atollic-eabi/6.3.1/armv6-m/crti.o
 .ARM.attributes
                0x000000000000001e       0x2c /opt/Atollic_TrueSTUDIO_for_STM32_x86_64_9.3.0/ARMTools/bin/../lib/gcc/arm-atollic-eabi/6.3.1/armv6-m/crtbegin.o
 .ARM.attributes
                0x000000000000004a       0x31 Drivers/STM32F0xx_HAL_Driver/Src/stm32f0xx_hal.o
 .ARM.attributes
                0x000000000000007b       0x31 Drivers/STM32F0xx_HAL_Driver/Src/stm32f0xx_hal_adc.o
 .ARM.attributes
                0x00000000000000ac       0x31 Drivers/STM32F0xx_HAL_Driver/Src/stm32f0xx_hal_cortex.o
 .ARM.attributes
                0x00000000000000dd       0x31 Drivers/STM32F0xx_HAL_Driver/Src/stm32f0xx_hal_dma.o
 .ARM.attributes
                0x000000000000010e       0x31 Drivers/STM32F0xx_HAL_Driver/Src/stm32f0xx_hal_gpio.o
 .ARM.attributes
                0x000000000000013f       0x31 Drivers/STM32F0xx_HAL_Driver/Src/stm32f0xx_hal_rcc.o
 .ARM.attributes
                0x0000000000000170       0x31 Drivers/STM32F0xx_HAL_Driver/Src/stm32f0xx_hal_rcc_ex.o
 .ARM.attributes
                0x00000000000001a1       0x31 Drivers/STM32F0xx_HAL_Driver/Src/stm32f0xx_hal_tim.o
 .ARM.attributes
                0x00000000000001d2       0x31 Drivers/STM32F0xx_HAL_Driver/Src/stm32f0xx_hal_tim_ex.o
 .ARM.attributes
                0x0000000000000203       0x31 Drivers/STM32F0xx_HAL_Driver/Src/stm32f0xx_hal_uart.o
 .ARM.attributes
                0x0000000000000234       0x31 Src/adc.o
 .ARM.attributes
                0x0000000000000265       0x31 Src/dma.o
 .ARM.attributes
                0x0000000000000296       0x31 Src/gpio.o
 .ARM.attributes
                0x00000000000002c7       0x31 Src/main.o
 .ARM.attributes
                0x00000000000002f8       0x31 Src/stm32f0xx_hal_msp.o
 .ARM.attributes
                0x0000000000000329       0x31 Src/stm32f0xx_it.o
 .ARM.attributes
                0x000000000000035a       0x31 Src/system_stm32f0xx.o
 .ARM.attributes
                0x000000000000038b       0x31 Src/tim.o
 .ARM.attributes
                0x00000000000003bc       0x31 Src/usart.o
 .ARM.attributes
                0x00000000000003ed       0x21 startup/startup_stm32f030x8.o
 .ARM.attributes
                0x000000000000040e       0x2c /opt/Atollic_TrueSTUDIO_for_STM32_x86_64_9.3.0/ARMTools/bin/../lib/gcc/arm-atollic-eabi/6.3.1/../../../../arm-atollic-eabi/lib/armv6-m/libc_nano.a(lib_a-init.o)
 .ARM.attributes
                0x000000000000043a       0x2c /opt/Atollic_TrueSTUDIO_for_STM32_x86_64_9.3.0/ARMTools/bin/../lib/gcc/arm-atollic-eabi/6.3.1/../../../../arm-atollic-eabi/lib/armv6-m/libc_nano.a(lib_a-memcpy-stub.o)
 .ARM.attributes
                0x0000000000000466       0x2c /opt/Atollic_TrueSTUDIO_for_STM32_x86_64_9.3.0/ARMTools/bin/../lib/gcc/arm-atollic-eabi/6.3.1/../../../../arm-atollic-eabi/lib/armv6-m/libc_nano.a(lib_a-memset.o)
 .ARM.attributes
                0x0000000000000492       0x1e /opt/Atollic_TrueSTUDIO_for_STM32_x86_64_9.3.0/ARMTools/bin/../lib/gcc/arm-atollic-eabi/6.3.1/armv6-m/libgcc.a(_thumb1_case_sqi.o)
 .ARM.attributes
                0x00000000000004b0       0x1e /opt/Atollic_TrueSTUDIO_for_STM32_x86_64_9.3.0/ARMTools/bin/../lib/gcc/arm-atollic-eabi/6.3.1/armv6-m/libgcc.a(_thumb1_case_uqi.o)
 .ARM.attributes
                0x00000000000004ce       0x1e /opt/Atollic_TrueSTUDIO_for_STM32_x86_64_9.3.0/ARMTools/bin/../lib/gcc/arm-atollic-eabi/6.3.1/armv6-m/libgcc.a(_udivsi3.o)
 .ARM.attributes
                0x00000000000004ec       0x1e /opt/Atollic_TrueSTUDIO_for_STM32_x86_64_9.3.0/ARMTools/bin/../lib/gcc/arm-atollic-eabi/6.3.1/armv6-m/libgcc.a(_dvmd_tls.o)
 .ARM.attributes
                0x000000000000050a       0x1e /opt/Atollic_TrueSTUDIO_for_STM32_x86_64_9.3.0/ARMTools/bin/../lib/gcc/arm-atollic-eabi/6.3.1/armv6-m/crtn.o
OUTPUT(MotorDriver_Software_V2.elf elf32-littlearm)

.debug_info     0x0000000000000000    0x1a19b
 .debug_info    0x0000000000000000      0xe49 Drivers/STM32F0xx_HAL_Driver/Src/stm32f0xx_hal.o
 .debug_info    0x0000000000000e49     0x1672 Drivers/STM32F0xx_HAL_Driver/Src/stm32f0xx_hal_adc.o
 .debug_info    0x00000000000024bb      0xff9 Drivers/STM32F0xx_HAL_Driver/Src/stm32f0xx_hal_cortex.o
 .debug_info    0x00000000000034b4     0x1018 Drivers/STM32F0xx_HAL_Driver/Src/stm32f0xx_hal_dma.o
 .debug_info    0x00000000000044cc      0xe52 Drivers/STM32F0xx_HAL_Driver/Src/stm32f0xx_hal_gpio.o
 .debug_info    0x000000000000531e     0x116e Drivers/STM32F0xx_HAL_Driver/Src/stm32f0xx_hal_rcc.o
 .debug_info    0x000000000000648c      0xbed Drivers/STM32F0xx_HAL_Driver/Src/stm32f0xx_hal_rcc_ex.o
 .debug_info    0x0000000000007079     0x3bff Drivers/STM32F0xx_HAL_Driver/Src/stm32f0xx_hal_tim.o
 .debug_info    0x000000000000ac78     0x1932 Drivers/STM32F0xx_HAL_Driver/Src/stm32f0xx_hal_tim_ex.o
 .debug_info    0x000000000000c5aa     0x2071 Drivers/STM32F0xx_HAL_Driver/Src/stm32f0xx_hal_uart.o
 .debug_info    0x000000000000e61b     0x17bb Src/adc.o
 .debug_info    0x000000000000fdd6     0x14a6 Src/dma.o
 .debug_info    0x000000000001127c     0x1544 Src/gpio.o
 .debug_info    0x00000000000127c0     0x1610 Src/main.o
 .debug_info    0x0000000000013dd0     0x13b3 Src/stm32f0xx_hal_msp.o
 .debug_info    0x0000000000015183     0x1351 Src/stm32f0xx_it.o
 .debug_info    0x00000000000164d4      0xa67 Src/system_stm32f0xx.o
 .debug_info    0x0000000000016f3b     0x1b8e Src/tim.o
 .debug_info    0x0000000000018ac9     0x163c Src/usart.o
 .debug_info    0x000000000001a105       0x96 startup/startup_stm32f030x8.o

.debug_abbrev   0x0000000000000000     0x313c
 .debug_abbrev  0x0000000000000000      0x2d1 Drivers/STM32F0xx_HAL_Driver/Src/stm32f0xx_hal.o
 .debug_abbrev  0x00000000000002d1      0x33d Drivers/STM32F0xx_HAL_Driver/Src/stm32f0xx_hal_adc.o
 .debug_abbrev  0x000000000000060e      0x30a Drivers/STM32F0xx_HAL_Driver/Src/stm32f0xx_hal_cortex.o
 .debug_abbrev  0x0000000000000918      0x2a3 Drivers/STM32F0xx_HAL_Driver/Src/stm32f0xx_hal_dma.o
 .debug_abbrev  0x0000000000000bbb      0x277 Drivers/STM32F0xx_HAL_Driver/Src/stm32f0xx_hal_gpio.o
 .debug_abbrev  0x0000000000000e32      0x2ea Drivers/STM32F0xx_HAL_Driver/Src/stm32f0xx_hal_rcc.o
 .debug_abbrev  0x000000000000111c      0x268 Drivers/STM32F0xx_HAL_Driver/Src/stm32f0xx_hal_rcc_ex.o
 .debug_abbrev  0x0000000000001384      0x3a5 Drivers/STM32F0xx_HAL_Driver/Src/stm32f0xx_hal_tim.o
 .debug_abbrev  0x0000000000001729      0x30d Drivers/STM32F0xx_HAL_Driver/Src/stm32f0xx_hal_tim_ex.o
 .debug_abbrev  0x0000000000001a36      0x378 Drivers/STM32F0xx_HAL_Driver/Src/stm32f0xx_hal_uart.o
 .debug_abbrev  0x0000000000001dae      0x246 Src/adc.o
 .debug_abbrev  0x0000000000001ff4      0x215 Src/dma.o
 .debug_abbrev  0x0000000000002209      0x219 Src/gpio.o
 .debug_abbrev  0x0000000000002422      0x269 Src/main.o
 .debug_abbrev  0x000000000000268b      0x1dc Src/stm32f0xx_hal_msp.o
 .debug_abbrev  0x0000000000002867      0x218 Src/stm32f0xx_it.o
 .debug_abbrev  0x0000000000002a7f      0x1ca Src/system_stm32f0xx.o
 .debug_abbrev  0x0000000000002c49      0x290 Src/tim.o
 .debug_abbrev  0x0000000000002ed9      0x251 Src/usart.o
 .debug_abbrev  0x000000000000312a       0x12 startup/startup_stm32f030x8.o

.debug_loc      0x0000000000000000     0x7e16
 .debug_loc     0x0000000000000000       0x7c Drivers/STM32F0xx_HAL_Driver/Src/stm32f0xx_hal.o
 .debug_loc     0x000000000000007c      0xaad Drivers/STM32F0xx_HAL_Driver/Src/stm32f0xx_hal_adc.o
 .debug_loc     0x0000000000000b29      0x3cc Drivers/STM32F0xx_HAL_Driver/Src/stm32f0xx_hal_cortex.o
 .debug_loc     0x0000000000000ef5      0x7ca Drivers/STM32F0xx_HAL_Driver/Src/stm32f0xx_hal_dma.o
 .debug_loc     0x00000000000016bf      0x307 Drivers/STM32F0xx_HAL_Driver/Src/stm32f0xx_hal_gpio.o
 .debug_loc     0x00000000000019c6      0x493 Drivers/STM32F0xx_HAL_Driver/Src/stm32f0xx_hal_rcc.o
 .debug_loc     0x0000000000001e59      0x26f Drivers/STM32F0xx_HAL_Driver/Src/stm32f0xx_hal_rcc_ex.o
 .debug_loc     0x00000000000020c8     0x3b44 Drivers/STM32F0xx_HAL_Driver/Src/stm32f0xx_hal_tim.o
 .debug_loc     0x0000000000005c0c      0xb81 Drivers/STM32F0xx_HAL_Driver/Src/stm32f0xx_hal_tim_ex.o
 .debug_loc     0x000000000000678d     0x1425 Drivers/STM32F0xx_HAL_Driver/Src/stm32f0xx_hal_uart.o
 .debug_loc     0x0000000000007bb2       0x58 Src/adc.o
 .debug_loc     0x0000000000007c0a      0x127 Src/system_stm32f0xx.o
 .debug_loc     0x0000000000007d31       0x98 Src/tim.o
 .debug_loc     0x0000000000007dc9       0x4d Src/usart.o

.debug_aranges  0x0000000000000000      0xa18
 .debug_aranges
                0x0000000000000000       0xb0 Drivers/STM32F0xx_HAL_Driver/Src/stm32f0xx_hal.o
 .debug_aranges
                0x00000000000000b0       0xd0 Drivers/STM32F0xx_HAL_Driver/Src/stm32f0xx_hal_adc.o
 .debug_aranges
                0x0000000000000180       0x78 Drivers/STM32F0xx_HAL_Driver/Src/stm32f0xx_hal_cortex.o
 .debug_aranges
                0x00000000000001f8       0x78 Drivers/STM32F0xx_HAL_Driver/Src/stm32f0xx_hal_dma.o
 .debug_aranges
                0x0000000000000270       0x58 Drivers/STM32F0xx_HAL_Driver/Src/stm32f0xx_hal_gpio.o
 .debug_aranges
                0x00000000000002c8       0x80 Drivers/STM32F0xx_HAL_Driver/Src/stm32f0xx_hal_rcc.o
 .debug_aranges
                0x0000000000000348       0x30 Drivers/STM32F0xx_HAL_Driver/Src/stm32f0xx_hal_rcc_ex.o
 .debug_aranges
                0x0000000000000378      0x268 Drivers/STM32F0xx_HAL_Driver/Src/stm32f0xx_hal_tim.o
 .debug_aranges
                0x00000000000005e0       0xf0 Drivers/STM32F0xx_HAL_Driver/Src/stm32f0xx_hal_tim_ex.o
 .debug_aranges
                0x00000000000006d0      0x188 Drivers/STM32F0xx_HAL_Driver/Src/stm32f0xx_hal_uart.o
 .debug_aranges
                0x0000000000000858       0x30 Src/adc.o
 .debug_aranges
                0x0000000000000888       0x20 Src/dma.o
 .debug_aranges
                0x00000000000008a8       0x20 Src/gpio.o
 .debug_aranges
                0x00000000000008c8       0x30 Src/main.o
 .debug_aranges
                0x00000000000008f8       0x20 Src/stm32f0xx_hal_msp.o
 .debug_aranges
                0x0000000000000918       0x38 Src/stm32f0xx_it.o
 .debug_aranges
                0x0000000000000950       0x28 Src/system_stm32f0xx.o
 .debug_aranges
                0x0000000000000978       0x48 Src/tim.o
 .debug_aranges
                0x00000000000009c0       0x30 Src/usart.o
 .debug_aranges
                0x00000000000009f0       0x28 startup/startup_stm32f030x8.o

.debug_ranges   0x0000000000000000      0xf78
 .debug_ranges  0x0000000000000000       0xa0 Drivers/STM32F0xx_HAL_Driver/Src/stm32f0xx_hal.o
 .debug_ranges  0x00000000000000a0       0xc0 Drivers/STM32F0xx_HAL_Driver/Src/stm32f0xx_hal_adc.o
 .debug_ranges  0x0000000000000160      0x120 Drivers/STM32F0xx_HAL_Driver/Src/stm32f0xx_hal_cortex.o
 .debug_ranges  0x0000000000000280       0xe8 Drivers/STM32F0xx_HAL_Driver/Src/stm32f0xx_hal_dma.o
 .debug_ranges  0x0000000000000368       0x70 Drivers/STM32F0xx_HAL_Driver/Src/stm32f0xx_hal_gpio.o
 .debug_ranges  0x00000000000003d8       0xa0 Drivers/STM32F0xx_HAL_Driver/Src/stm32f0xx_hal_rcc.o
 .debug_ranges  0x0000000000000478       0x40 Drivers/STM32F0xx_HAL_Driver/Src/stm32f0xx_hal_rcc_ex.o
 .debug_ranges  0x00000000000004b8      0x470 Drivers/STM32F0xx_HAL_Driver/Src/stm32f0xx_hal_tim.o
 .debug_ranges  0x0000000000000928       0xe0 Drivers/STM32F0xx_HAL_Driver/Src/stm32f0xx_hal_tim_ex.o
 .debug_ranges  0x0000000000000a08      0x1f0 Drivers/STM32F0xx_HAL_Driver/Src/stm32f0xx_hal_uart.o
 .debug_ranges  0x0000000000000bf8       0x70 Src/adc.o
 .debug_ranges  0x0000000000000c68       0x38 Src/dma.o
 .debug_ranges  0x0000000000000ca0       0x78 Src/gpio.o
 .debug_ranges  0x0000000000000d18       0x20 Src/main.o
 .debug_ranges  0x0000000000000d38       0x58 Src/stm32f0xx_hal_msp.o
 .debug_ranges  0x0000000000000d90       0x28 Src/stm32f0xx_it.o
 .debug_ranges  0x0000000000000db8       0x18 Src/system_stm32f0xx.o
 .debug_ranges  0x0000000000000dd0       0xe8 Src/tim.o
 .debug_ranges  0x0000000000000eb8       0xa0 Src/usart.o
 .debug_ranges  0x0000000000000f58       0x20 startup/startup_stm32f030x8.o

.debug_line     0x0000000000000000     0x67ce
 .debug_line    0x0000000000000000      0x41f Drivers/STM32F0xx_HAL_Driver/Src/stm32f0xx_hal.o
 .debug_line    0x000000000000041f      0x838 Drivers/STM32F0xx_HAL_Driver/Src/stm32f0xx_hal_adc.o
 .debug_line    0x0000000000000c57      0x3f2 Drivers/STM32F0xx_HAL_Driver/Src/stm32f0xx_hal_cortex.o
 .debug_line    0x0000000000001049      0x54f Drivers/STM32F0xx_HAL_Driver/Src/stm32f0xx_hal_dma.o
 .debug_line    0x0000000000001598      0x400 Drivers/STM32F0xx_HAL_Driver/Src/stm32f0xx_hal_gpio.o
 .debug_line    0x0000000000001998      0x5fc Drivers/STM32F0xx_HAL_Driver/Src/stm32f0xx_hal_rcc.o
 .debug_line    0x0000000000001f94      0x393 Drivers/STM32F0xx_HAL_Driver/Src/stm32f0xx_hal_rcc_ex.o
 .debug_line    0x0000000000002327     0x1337 Drivers/STM32F0xx_HAL_Driver/Src/stm32f0xx_hal_tim.o
 .debug_line    0x000000000000365e      0x777 Drivers/STM32F0xx_HAL_Driver/Src/stm32f0xx_hal_tim_ex.o
 .debug_line    0x0000000000003dd5      0xd9f Drivers/STM32F0xx_HAL_Driver/Src/stm32f0xx_hal_uart.o
 .debug_line    0x0000000000004b74      0x37e Src/adc.o
 .debug_line    0x0000000000004ef2      0x2cd Src/dma.o
 .debug_line    0x00000000000051bf      0x2db Src/gpio.o
 .debug_line    0x000000000000549a      0x351 Src/main.o
 .debug_line    0x00000000000057eb      0x2bf Src/stm32f0xx_hal_msp.o
 .debug_line    0x0000000000005aaa      0x2f9 Src/stm32f0xx_it.o
 .debug_line    0x0000000000005da3      0x23c Src/system_stm32f0xx.o
 .debug_line    0x0000000000005fdf      0x42f Src/tim.o
 .debug_line    0x000000000000640e      0x33d Src/usart.o
 .debug_line    0x000000000000674b       0x83 startup/startup_stm32f030x8.o

.debug_str      0x0000000000000000     0x391d
 .debug_str     0x0000000000000000      0x9ce Drivers/STM32F0xx_HAL_Driver/Src/stm32f0xx_hal.o
                                        0xa5b (size before relaxing)
 .debug_str     0x00000000000009ce      0x67b Drivers/STM32F0xx_HAL_Driver/Src/stm32f0xx_hal_adc.o
                                        0xd2e (size before relaxing)
 .debug_str     0x0000000000001049      0x1d0 Drivers/STM32F0xx_HAL_Driver/Src/stm32f0xx_hal_cortex.o
                                        0xa63 (size before relaxing)
 .debug_str     0x0000000000001219      0x233 Drivers/STM32F0xx_HAL_Driver/Src/stm32f0xx_hal_dma.o
                                        0xa97 (size before relaxing)
 .debug_str     0x000000000000144c      0x1c1 Drivers/STM32F0xx_HAL_Driver/Src/stm32f0xx_hal_gpio.o
                                        0x888 (size before relaxing)
 .debug_str     0x000000000000160d      0x2e7 Drivers/STM32F0xx_HAL_Driver/Src/stm32f0xx_hal_rcc.o
                                        0xa68 (size before relaxing)
 .debug_str     0x00000000000018f4      0x127 Drivers/STM32F0xx_HAL_Driver/Src/stm32f0xx_hal_rcc_ex.o
                                        0x828 (size before relaxing)
 .debug_str     0x0000000000001a1b      0xf37 Drivers/STM32F0xx_HAL_Driver/Src/stm32f0xx_hal_tim.o
                                       0x1803 (size before relaxing)
 .debug_str     0x0000000000002952      0x50d Drivers/STM32F0xx_HAL_Driver/Src/stm32f0xx_hal_tim_ex.o
                                       0x1075 (size before relaxing)
 .debug_str     0x0000000000002e5f      0x86d Drivers/STM32F0xx_HAL_Driver/Src/stm32f0xx_hal_uart.o
                                       0x11d6 (size before relaxing)
 .debug_str     0x00000000000036cc       0x6b Src/adc.o
                                        0xf92 (size before relaxing)
 .debug_str     0x0000000000003737       0x19 Src/dma.o
                                        0xfc6 (size before relaxing)
 .debug_str     0x0000000000003750       0x1b Src/gpio.o
                                        0xe9c (size before relaxing)
 .debug_str     0x000000000000376b       0x62 Src/main.o
                                       0x104b (size before relaxing)
 .debug_str     0x00000000000037cd       0x1b Src/stm32f0xx_hal_msp.o
                                        0xe2b (size before relaxing)
 .debug_str     0x00000000000037e8       0x7e Src/stm32f0xx_it.o
                                        0xe56 (size before relaxing)
 .debug_str     0x0000000000003866       0x5a Src/system_stm32f0xx.o
                                        0x6ae (size before relaxing)
 .debug_str     0x00000000000038c0       0x43 Src/tim.o
                                       0x1104 (size before relaxing)
 .debug_str     0x0000000000003903       0x1a Src/usart.o
                                        0xf25 (size before relaxing)

.comment        0x0000000000000000       0x7c
 .comment       0x0000000000000000       0x7c Drivers/STM32F0xx_HAL_Driver/Src/stm32f0xx_hal.o
                                         0x7d (size before relaxing)
 .comment       0x000000000000007c       0x7d Drivers/STM32F0xx_HAL_Driver/Src/stm32f0xx_hal_adc.o
 .comment       0x000000000000007c       0x7d Drivers/STM32F0xx_HAL_Driver/Src/stm32f0xx_hal_cortex.o
 .comment       0x000000000000007c       0x7d Drivers/STM32F0xx_HAL_Driver/Src/stm32f0xx_hal_dma.o
 .comment       0x000000000000007c       0x7d Drivers/STM32F0xx_HAL_Driver/Src/stm32f0xx_hal_gpio.o
 .comment       0x000000000000007c       0x7d Drivers/STM32F0xx_HAL_Driver/Src/stm32f0xx_hal_rcc.o
 .comment       0x000000000000007c       0x7d Drivers/STM32F0xx_HAL_Driver/Src/stm32f0xx_hal_rcc_ex.o
 .comment       0x000000000000007c       0x7d Drivers/STM32F0xx_HAL_Driver/Src/stm32f0xx_hal_tim.o
 .comment       0x000000000000007c       0x7d Drivers/STM32F0xx_HAL_Driver/Src/stm32f0xx_hal_tim_ex.o
 .comment       0x000000000000007c       0x7d Drivers/STM32F0xx_HAL_Driver/Src/stm32f0xx_hal_uart.o
 .comment       0x000000000000007c       0x7d Src/adc.o
 .comment       0x000000000000007c       0x7d Src/dma.o
 .comment       0x000000000000007c       0x7d Src/gpio.o
 .comment       0x000000000000007c       0x7d Src/main.o
 .comment       0x000000000000007c       0x7d Src/stm32f0xx_hal_msp.o
 .comment       0x000000000000007c       0x7d Src/stm32f0xx_it.o
 .comment       0x000000000000007c       0x7d Src/system_stm32f0xx.o
 .comment       0x000000000000007c       0x7d Src/tim.o
 .comment       0x000000000000007c       0x7d Src/usart.o

.debug_frame    0x0000000000000000     0x1e40
 .debug_frame   0x0000000000000000      0x178 Drivers/STM32F0xx_HAL_Driver/Src/stm32f0xx_hal.o
 .debug_frame   0x0000000000000178      0x2d0 Drivers/STM32F0xx_HAL_Driver/Src/stm32f0xx_hal_adc.o
 .debug_frame   0x0000000000000448       0xe4 Drivers/STM32F0xx_HAL_Driver/Src/stm32f0xx_hal_cortex.o
 .debug_frame   0x000000000000052c      0x154 Drivers/STM32F0xx_HAL_Driver/Src/stm32f0xx_hal_dma.o
 .debug_frame   0x0000000000000680       0xc0 Drivers/STM32F0xx_HAL_Driver/Src/stm32f0xx_hal_gpio.o
 .debug_frame   0x0000000000000740      0x130 Drivers/STM32F0xx_HAL_Driver/Src/stm32f0xx_hal_rcc.o
 .debug_frame   0x0000000000000870       0x58 Drivers/STM32F0xx_HAL_Driver/Src/stm32f0xx_hal_rcc_ex.o
 .debug_frame   0x00000000000008c8      0x94c Drivers/STM32F0xx_HAL_Driver/Src/stm32f0xx_hal_tim.o
 .debug_frame   0x0000000000001214      0x388 Drivers/STM32F0xx_HAL_Driver/Src/stm32f0xx_hal_tim_ex.o
 .debug_frame   0x000000000000159c      0x528 Drivers/STM32F0xx_HAL_Driver/Src/stm32f0xx_hal_uart.o
 .debug_frame   0x0000000000001ac4       0x60 Src/adc.o
 .debug_frame   0x0000000000001b24       0x2c Src/dma.o
 .debug_frame   0x0000000000001b50       0x28 Src/gpio.o
 .debug_frame   0x0000000000001b78       0x54 Src/main.o
 .debug_frame   0x0000000000001bcc       0x24 Src/stm32f0xx_hal_msp.o
 .debug_frame   0x0000000000001bf0       0x80 Src/stm32f0xx_it.o
 .debug_frame   0x0000000000001c70       0x3c Src/system_stm32f0xx.o
 .debug_frame   0x0000000000001cac       0xa4 Src/tim.o
 .debug_frame   0x0000000000001d50       0x5c Src/usart.o
 .debug_frame   0x0000000000001dac       0x2c /opt/Atollic_TrueSTUDIO_for_STM32_x86_64_9.3.0/ARMTools/bin/../lib/gcc/arm-atollic-eabi/6.3.1/../../../../arm-atollic-eabi/lib/armv6-m/libc_nano.a(lib_a-init.o)
 .debug_frame   0x0000000000001dd8       0x28 /opt/Atollic_TrueSTUDIO_for_STM32_x86_64_9.3.0/ARMTools/bin/../lib/gcc/arm-atollic-eabi/6.3.1/../../../../arm-atollic-eabi/lib/armv6-m/libc_nano.a(lib_a-memcpy-stub.o)
 .debug_frame   0x0000000000001e00       0x20 /opt/Atollic_TrueSTUDIO_for_STM32_x86_64_9.3.0/ARMTools/bin/../lib/gcc/arm-atollic-eabi/6.3.1/../../../../arm-atollic-eabi/lib/armv6-m/libc_nano.a(lib_a-memset.o)
 .debug_frame   0x0000000000001e20       0x20 /opt/Atollic_TrueSTUDIO_for_STM32_x86_64_9.3.0/ARMTools/bin/../lib/gcc/arm-atollic-eabi/6.3.1/armv6-m/libgcc.a(_udivsi3.o)
